LINK TO PART 2 VIDEO: (ON GOOGLE DRIVE)
https://drive.google.com/file/d/17DjGRVgEUhUGVAFpSmEtYeEKSUap2wPG/view?usp=sharing


CAPTURED OUTPUT FROM KERNEL:
uname -r
5.3.7-spaudel-bone13
debian@spaudel-beagle:/mnt/remote/drivers$ cat /proc/cmdline
console=ttyO0,115200n8 root=/dev/mmcblk1p1 ro rootfstype=ext4 rootwait
debian@spaudel-beagle:/mnt/remote/drivers$ ifconfig
eth0: flags=-28669<UP,BROADCAST,MULTICAST,DYNAMIC>  mtu 1500
        ether 78:04:73:a3:e4:e1  txqueuelen 1000  (Ethernet)
        RX packets 0  bytes 0 (0.0 B)
        RX errors 0  dropped 0  overruns 0  frame 0
        TX packets 0  bytes 0 (0.0 B)
        TX errors 0  dropped 0 overruns 0  carrier 0  collisions 0

lo: flags=73<UP,LOOPBACK,RUNNING>  mtu 65536
        inet 127.0.0.1  netmask 255.0.0.0
        inet6 ::1  prefixlen 128  scopeid 0x10<host>
        loop  txqueuelen 1000  (Local Loopback)
        RX packets 20320  bytes 1363680 (1.3 MiB)
        RX errors 0  dropped 0  overruns 0  frame 0
        TX packets 20320  bytes 1363680 (1.3 MiB)
        TX errors 0  dropped 0 overruns 0  carrier 0  collisions 0

usb0: flags=4163<UP,BROADCAST,RUNNING,MULTICAST>  mtu 1500
        inet 192.168.7.2  netmask 255.255.255.252  broadcast 192.168.7.3
        inet6 fe80::1eba:8cff:fea2:ed70  prefixlen 64  scopeid 0x20<link>
        ether 1c:ba:8c:a2:ed:70  txqueuelen 1000  (Ethernet)
        RX packets 274  bytes 69423 (67.7 KiB)
        RX errors 0  dropped 0  overruns 0  frame 0
        TX packets 285  bytes 42823 (41.8 KiB)
        TX errors 0  dropped 0 overruns 0  carrier 0  collisions 0

usb1: flags=4163<UP,BROADCAST,RUNNING,MULTICAST>  mtu 1500
        inet 192.168.6.2  netmask 255.255.255.252  broadcast 192.168.6.3
        inet6 fe80::1eba:8cff:fea2:ed6d  prefixlen 64  scopeid 0x20<link>
        ether 1c:ba:8c:a2:ed:6d  txqueuelen 1000  (Ethernet)
        RX packets 0  bytes 0 (0.0 B)
        RX errors 0  dropped 0  overruns 0  frame 0
        TX packets 5  bytes 350 (350.0 B)
        TX errors 0  dropped 0 overruns 0  carrier 0  collisions 0

debian@spaudel-beagle:/mnt/remote/drivers$ modinfo ./morse-[K[K[K[K[K[K[K[K[K[K[K[K[K[K[K[Kls
morsecode.ko  trigger
debian@spaudel-beagle:/mnt/remote/drivers$ modinfo ./morsecode.ko
filename:       /mnt/remote/drivers/./morsecode.ko
license:        GPL
description:    morsecode driver
author:         Sunaina
depends:        
name:           morsecode
vermagic:       5.3.7-spaudel-bone13 preempt mod_unload modversions ARMv7 thumb2 p2v8 
parm:           dottime: morse-code time ! (int)
debian@spaudel-beagle:/mnt/remote/drivers$ sudo insmod morsecode.ko dottime=40;
[ 3880.087203] ----> morsecode driver init() file /dev/morse-code.
debian@spaudel-beagle:/mnt/remote/drivers$ lsmod
Module                  Size  Used by
morsecode              16384  0
evdev                  20480  1
usb_f_mass_storage     40960  2
usb_f_acm              20480  2
u_serial               24576  3 usb_f_acm
usb_f_ecm              20480  2
usb_f_rndis            24576  2
u_ether                24576  2 usb_f_ecm,usb_f_rndis
libcomposite           45056  16 usb_f_ecm,usb_f_acm,usb_f_mass_storage,usb_f_rndis
iptable_nat            16384  0
nf_nat                 28672  1 iptable_nat
nf_conntrack           98304  1 nf_nat
nf_defrag_ipv6         20480  1 nf_conntrack
nf_defrag_ipv4         16384  1 nf_conntrack
iptable_mangle         16384  0
iptable_filter         16384  0
spidev                 20480  0
ip_tables              24576  3 iptable_mangle,iptable_filter,iptable_nat
x_tables               24576  3 iptable_mangle,ip_tables,iptable_filter
debian@spaudel-beagle:/mnt/remote/drivers$ cd /sys/class/leds;
debian@spaudel-beagle:/sys/class/leds$  cd beaglebone\:green\:usr0;
debian@spaudel-beagle:/sys/class/leds/beaglebone:green:usr0$  echo morse-code > t
trigger;
debian@spaudel-beagle:/sys/class/leds/beaglebone:green:usr0$  echo 1 > brightness
s;
debian@spaudel-beagle:/sys/class/leds/beaglebone:green:usr0$ lscat trigger
none usb-gadget usb-host kbd-scrolllock kbd-numlock kbd-capslock kbd-kanalock kbd-shiftlock kbd-altgrlock kbd-ctrllock kbd-altlock kbd-shiftllock kbd-shiftrlock kbd-ctrlllock kbd-ctrlrlock mmc0 mmc1 timer oneshot disk-activity disk-read disk-write ide-disk mtd nand-disk heartbeat backlight gpio cpu cpu0 activity default-on panic netdev 4a101000.mdio:00:link 4a101000.mdio:00:100Mbps 4a101000.mdio:00:10Mbps [morse-code] 

debian@spaudel-beagle:/sys/class/leds/beaglebone:green:usr0$ cat 'Hello world.' | sudo cat /dev/morse 
-code
.... . .-.. .-.. --- .-- --- .-. .-.. -..
debian@spaudel-beagle:/sys/class/leds/beaglebone:green:usr0$ dmesg | tail -100

[  366.726998] demo_miscdrv::my_read(), buff size 131072, f_pos 0
[  366.736371] demo_miscdrv::my_read(), buff size 131072, f_pos 58
[  407.549699] demo_miscdrv::my_read(), buff size 131072, f_pos 0
[  407.556154] demo_miscdrv::my_read(), buff size 131072, f_pos 58
// removed print statements
[  457.419135] demo_miscdrv::my_read(), buff size 131072, f_pos 0
[  457.428591] demo_miscdrv::my_read(), buff size 131072, f_pos 58
[  539.751044] <---- morsecode driver exit().
[  570.975012] ----> morsecode driver init() file /dev/morse-code.
// removed print statements
[ 2502.986809] <---- morsecode driver exit().
[ 2514.403031] ----> morsecode driver init() file /dev/morse-code.
[ 3019.048555] <---- morsecode driver exit().
[ 3036.812290] ----> morsecode driver init() file /dev/morse-code.
[ 3229.282922] <---- morsecode driver exit().
[ 3263.571796] ----> morsecode driver init() file /dev/morse-code.
[ 3764.896683] <---- morsecode driver exit().
[ 3880.087203] ----> morsecode driver init() file /dev/morse-code.
debian@spaudel-beagle:/sys/class/leds/beaglebone:green:usr0$ 
